Exporter version: 2.80.1, Blender version: 2.83.3
========= Conversion from Blender to Babylon.js =========
	Scene settings used :
		Inline textures     :  false
		Material Type       :  PBR
		Positions Precision :  4
		Normals Precision   :  3
		UVs Precision       :  3
		Vert Color Precision:  3
		Mat Weight Precision:  2
		Keep Z-up r-handed  :  no
		Texture directory   :  F:\Stuff\projects\omega\3D\
	Python World class constructor completed
	WARNING: No active camera has been assigned, or is not in a currently selected Blender layer
	processing begun of mesh:  omega
		processing begun of material:  omega
		Custom split normals with tangents being used
		num positions      :  63634
		num normals        :  63634
		num tangents       :  254536
		num uvs            :  127268
		num uvs2           :  0
		num colors         :  0
		num triangles      :  113152
========= Writing of JSON file started =========
	writing mesh:  omega
========= Writing of JSON file completed =========
========= end of processing =========
elapsed time:  0 min, 9.0907 secs
